Python:
/leonardo/home/userexternal/ntilinin/.conda/envs/esmf81/bin/python
Python 3.9.15
MPI:
/leonardo/home/userexternal/ntilinin/.conda/envs/esmf81/bin/mpirun
HYDRA build details:
    Version:                                 4.2.3
    Release Date:                            Wed Oct  2 09:35:21 AM CDT 2024
    CC:                              x86_64-conda-linux-gnu-cc -I/leonardo/home/userexternal/ntilinin/.conda/envs/esmf81/include -DNDEBUG -D_FORTIFY_SOURCE=2 -O2 -isystem /leonardo/home/userexternal/ntilinin/.conda/envs/esmf81/include -DNDEBUG -D_FORTIFY_SOURCE=2 -O2 -isystem /leonardo/home/userexternal/ntilinin/.conda/envs/esmf81/include -I/leonardo/home/userexternal/ntilinin/.conda/envs/esmf81/include -march=nocona -mtune=haswell -ftree-vectorize -fPIC -fstack-protector-strong -fno-plt -O2 -ffunction-sections -pipe -isystem /leonardo/home/userexternal/ntilinin/.conda/envs/esmf81/include -fdebug-prefix-map=/home/conda/feedstock_root/build_artifacts/mpich-mpi_1727946317861/work=/usr/local/src/conda/mpich-4.2.3 -fdebug-prefix-map=/leonardo/home/userexternal/ntilinin/.conda/envs/esmf81=/usr/local/src/conda-prefix -march=nocona -mtune=haswell -ftree-vectorize -fPIC -fstack-protector-strong -fno-plt -O2 -ffunction-sections -pipe -isystem /leonardo/home/userexternal/ntilinin/.conda/envs/esmf81/include -fdebug-prefix-map=/home/conda/feedstock_root/build_artifacts/mpich-mpi_1727946317861/work=/usr/local/src/conda/mpich-4.2.3 -fdebug-prefix-map=/leonardo/home/userexternal/ntilinin/.conda/envs/esmf81=/usr/local/src/conda-prefix -L/leonardo/home/userexternal/ntilinin/.conda/envs/esmf81/lib -Wl,-rpath,/leonardo/home/userexternal/ntilinin/.conda/envs/esmf81/lib 
    Configure options:                       '--disable-option-checking' '--prefix=/leonardo/home/userexternal/ntilinin/.conda/envs/esmf81' '--with-hwloc=embedded' '--disable-dependency-tracking' '--enable-cxx' '--enable-fortran' '--enable-f08' '--with-wrapper-dl-type=none' '--disable-static' '--disable-opencl' '--with-device=ch4' 'build_alias=x86_64-conda-linux-gnu' 'host_alias=x86_64-conda-linux-gnu' 'MPICHLIB_CFLAGS=-march=nocona -mtune=haswell -ftree-vectorize -fPIC -fstack-protector-strong -fno-plt -O2 -ffunction-sections -pipe -isystem /leonardo/home/userexternal/ntilinin/.conda/envs/esmf81/include -fdebug-prefix-map=/home/conda/feedstock_root/build_artifacts/mpich-mpi_1727946317861/work=/usr/local/src/conda/mpich-4.2.3 -fdebug-prefix-map=/leonardo/home/userexternal/ntilinin/.conda/envs/esmf81=/usr/local/src/conda-prefix -march=nocona -mtune=haswell -ftree-vectorize -fPIC -fstack-protector-strong -fno-plt -O2 -ffunction-sections -pipe -isystem /leonardo/home/userexternal/ntilinin/.conda/envs/esmf81/include -fdebug-prefix-map=/home/conda/feedstock_root/build_artifacts/mpich-mpi_1727946317861/work=/usr/local/src/conda/mpich-4.2.3 -fdebug-prefix-map=/leonardo/home/userexternal/ntilinin/.conda/envs/esmf81=/usr/local/src/conda-prefix' 'MPICHLIB_CPPFLAGS=-DNDEBUG -D_FORTIFY_SOURCE=2 -O2 -isystem /leonardo/home/userexternal/ntilinin/.conda/envs/esmf81/include -DNDEBUG -D_FORTIFY_SOURCE=2 -O2 -isystem /leonardo/home/userexternal/ntilinin/.conda/envs/esmf81/include' 'MPICHLIB_CXXFLAGS=-fvisibility-inlines-hidden -fmessage-length=0 -march=nocona -mtune=haswell -ftree-vectorize -fPIC -fstack-protector-strong -fno-plt -O2 -ffunction-sections -pipe -isystem /leonardo/home/userexternal/ntilinin/.conda/envs/esmf81/include -fdebug-prefix-map=/home/conda/feedstock_root/build_artifacts/mpich-mpi_1727946317861/work=/usr/local/src/conda/mpich-4.2.3 -fdebug-prefix-map=/leonardo/home/userexternal/ntilinin/.conda/envs/esmf81=/usr/local/src/conda-prefix' 'MPICHLIB_FFLAGS=-march=nocona -mtune=haswell -ftree-vectorize -fPIC -fstack-protector-strong -fno-plt -O2 -ffunction-sections -pipe -isystem /leonardo/home/userexternal/ntilinin/.conda/envs/esmf81/include -fdebug-prefix-map=/home/conda/feedstock_root/build_artifacts/mpich-mpi_1727946317861/work=/usr/local/src/conda/mpich-4.2.3 -fdebug-prefix-map=/leonardo/home/userexternal/ntilinin/.conda/envs/esmf81=/usr/local/src/conda-prefix -march=nocona -mtune=haswell -ftree-vectorize -fPIC -fstack-protector-strong -fno-plt -O2 -ffunction-sections -pipe -isystem /leonardo/home/userexternal/ntilinin/.conda/envs/esmf81/include -fdebug-prefix-map=/home/conda/feedstock_root/build_artifacts/mpich-mpi_1727946317861/work=/usr/local/src/conda/mpich-4.2.3 -fdebug-prefix-map=/leonardo/home/userexternal/ntilinin/.conda/envs/esmf81=/usr/local/src/conda-prefix' 'MPICHLIB_FCFLAGS=-march=nocona -mtune=haswell -ftree-vectorize -fPIC -fstack-protector-strong -fno-plt -O2 -ffunction-sections -pipe -isystem /leonardo/home/userexternal/ntilinin/.conda/envs/esmf81/include -fdebug-prefix-map=/home/conda/feedstock_root/build_artifacts/mpich-mpi_1727946317861/work=/usr/local/src/conda/mpich-4.2.3 -fdebug-prefix-map=/leonardo/home/userexternal/ntilinin/.conda/envs/esmf81=/usr/local/src/conda-prefix -march=nocona -mtune=haswell -ftree-vectorize -fPIC -fstack-protector-strong -fno-plt -O2 -ffunction-sections -pipe -isystem /leonardo/home/userexternal/ntilinin/.conda/envs/esmf81/include -fdebug-prefix-map=/home/conda/feedstock_root/build_artifacts/mpich-mpi_1727946317861/work=/usr/local/src/conda/mpich-4.2.3 -fdebug-prefix-map=/leonardo/home/userexternal/ntilinin/.conda/envs/esmf81=/usr/local/src/conda-prefix' 'CC=x86_64-conda-linux-gnu-cc' 'CFLAGS=-I/leonardo/home/userexternal/ntilinin/.conda/envs/esmf81/include -march=nocona -mtune=haswell -ftree-vectorize -fPIC -fstack-protector-strong -fno-plt -O2 -ffunction-sections -pipe -isystem /leonardo/home/userexternal/ntilinin/.conda/envs/esmf81/include -fdebug-prefix-map=/home/conda/feedstock_root/build_artifacts/mpich-mpi_1727946317861/work=/usr/local/src/conda/mpich-4.2.3 -fdebug-prefix-map=/leonardo/home/userexternal/ntilinin/.conda/envs/esmf81=/usr/local/src/conda-prefix -march=nocona -mtune=haswell -ftree-vectorize -fPIC -fstack-protector-strong -fno-plt -O2 -ffunction-sections -pipe -isystem /leonardo/home/userexternal/ntilinin/.conda/envs/esmf81/include -fdebug-prefix-map=/home/conda/feedstock_root/build_artifacts/mpich-mpi_1727946317861/work=/usr/local/src/conda/mpich-4.2.3 -fdebug-prefix-map=/leonardo/home/userexternal/ntilinin/.conda/envs/esmf81=/usr/local/src/conda-prefix -O2' 'LDFLAGS=-L/leonardo/home/userexternal/ntilinin/.conda/envs/esmf81/lib -Wl,-rpath,/leonardo/home/userexternal/ntilinin/.conda/envs/esmf81/lib' 'CPPFLAGS=-I/leonardo/home/userexternal/ntilinin/.conda/envs/esmf81/include -DNDEBUG -D_FORTIFY_SOURCE=2 -O2 -isystem /leonardo/home/userexternal/ntilinin/.conda/envs/esmf81/include -DNDEBUG -D_FORTIFY_SOURCE=2 -O2 -isystem /leonardo/home/userexternal/ntilinin/.conda/envs/esmf81/include -DNETMOD_INLINE=__netmod_inline_ofi__ -I/home/conda/feedstock_root/build_artifacts/mpich-mpi_1727946317861/work/src/mpl/include -I/home/conda/feedstock_root/build_artifacts/mpich-mpi_1727946317861/work/modules/json-c -I/home/conda/feedstock_root/build_artifacts/mpich-mpi_1727946317861/work/modules/hwloc/include -D_REENTRANT -I/home/conda/feedstock_root/build_artifacts/mpich-mpi_1727946317861/work/src/mpi/romio/include -I/home/conda/feedstock_root/build_artifacts/mpich-mpi_1727946317861/work/src/pmi/include -I/home/conda/feedstock_root/build_artifacts/mpich-mpi_1727946317861/work/modules/yaksa/src/frontend/include -I/home/conda/feedstock_root/build_artifacts/mpich-mpi_1727946317861/work/modules/libfabric/include' 'CPP=/home/conda/feedstock_root/build_artifacts/mpich-mpi_1727946317861/_build_env/bin/x86_64-conda-linux-gnu-cpp' 'CXX=x86_64-conda-linux-gnu-c++' 'CXXFLAGS=-I/leonardo/home/userexternal/ntilinin/.conda/envs/esmf81/include -fvisibility-inlines-hidden -fmessage-length=0 -march=nocona -mtune=haswell -ftree-vectorize -fPIC -fstack-protector-strong -fno-plt -O2 -ffunction-sections -pipe -isystem /leonardo/home/userexternal/ntilinin/.conda/envs/esmf81/include -fdebug-prefix-map=/home/conda/feedstock_root/build_artifacts/mpich-mpi_1727946317861/work=/usr/local/src/conda/mpich-4.2.3 -fdebug-prefix-map=/leonardo/home/userexternal/ntilinin/.conda/envs/esmf81=/usr/local/src/conda-prefix -O2' 'FC=x86_64-conda-linux-gnu-gfortran' 'FCFLAGS=-I/leonardo/home/userexternal/ntilinin/.conda/envs/esmf81/include -march=nocona -mtune=haswell -ftree-vectorize -fPIC -fstack-protector-strong -fno-plt -O2 -ffunction-sections -pipe -isystem /leonardo/home/userexternal/ntilinin/.conda/envs/esmf81/include -fdebug-prefix-map=/home/conda/feedstock_root/build_artifacts/mpich-mpi_1727946317861/work=/usr/local/src/conda/mpich-4.2.3 -fdebug-prefix-map=/leonardo/home/userexternal/ntilinin/.conda/envs/esmf81=/usr/local/src/conda-prefix -march=nocona -mtune=haswell -ftree-vectorize -fPIC -fstack-protector-strong -fno-plt -O2 -ffunction-sections -pipe -isystem /leonardo/home/userexternal/ntilinin/.conda/envs/esmf81/include -fdebug-prefix-map=/home/conda/feedstock_root/build_artifacts/mpich-mpi_1727946317861/work=/usr/local/src/conda/mpich-4.2.3 -fdebug-prefix-map=/leonardo/home/userexternal/ntilinin/.conda/envs/esmf81=/usr/local/src/conda-prefix -O2' 'FFLAGS=-I/leonardo/home/userexternal/ntilinin/.conda/envs/esmf81/include -march=nocona -mtune=haswell -ftree-vectorize -fPIC -fstack-protector-strong -fno-plt -O2 -ffunction-sections -pipe -isystem /leonardo/home/userexternal/ntilinin/.conda/envs/esmf81/include -fdebug-prefix-map=/home/conda/feedstock_root/build_artifacts/mpich-mpi_1727946317861/work=/usr/local/src/conda/mpich-4.2.3 -fdebug-prefix-map=/leonardo/home/userexternal/ntilinin/.conda/envs/esmf81=/usr/local/src/conda-prefix -march=nocona -mtune=haswell -ftree-vectorize -fPIC -fstack-protector-strong -fno-plt -O2 -ffunction-sections -pipe -isystem /leonardo/home/userexternal/ntilinin/.conda/envs/esmf81/include -fdebug-prefix-map=/home/conda/feedstock_root/build_artifacts/mpich-mpi_1727946317861/work=/usr/local/src/conda/mpich-4.2.3 -fdebug-prefix-map=/leonardo/home/userexternal/ntilinin/.conda/envs/esmf81=/usr/local/src/conda-prefix -O2' '--cache-file=/dev/null' '--srcdir=.' 'LIBS='
    Process Manager:                         pmi
    Launchers available:                     ssh rsh fork slurm ll lsf sge manual persist
    Topology libraries available:            hwloc
    Resource management kernels available:   user slurm ll lsf sge pbs cobalt
    Demux engines available:                 poll select
ESMF:
/leonardo/home/userexternal/ntilinin/.conda/envs/esmf81/bin/ESMF_RegridWeightGen
NCO:
/leonardo/prod/spack/06/install/0.22/linux-rhel8-icelake/gcc-12.2.0/nco-5.1.9-6mdruevgje4ejl4h4g2cg4xb3y4vb43u/bin/ncrename
SPEEDY input:
-rw-r--r-- 1 ntilinin interactive 33M Sep  6 15:53 /leonardo_scratch/fast/ICT26_ESP/ntilinin/SPEEDY_access/access_forcing/tas_SPEEDY_1990.nc
['mpirun', '-np', '1', 'ESMF_RegridWeightGen', '--netcdf4', '-s', '/leonardo/home/userexternal/ntilinin/COSIMA/access-om2/tools/tmp39ny9k58.nc', '-d', '/leonardo/home/userexternal/ntilinin/COSIMA/access-om2/tools/tmp765tkitc.nc', '-m', 'conserve', '-w', '/leonardo/home/userexternal/ntilinin/COSIMA/access-om2/tools/tmpobavx0fp.nc']

============================================================
Generating higher-order patch weights
============================================================
['mpirun', '-np', '1', 'ESMF_RegridWeightGen', '--netcdf4', '-s', '/leonardo/home/userexternal/ntilinin/COSIMA/access-om2/tools/tmpdtjy0p2s.nc', '-d', '/leonardo/home/userexternal/ntilinin/COSIMA/access-om2/tools/tmpde6a_ihk.nc', '-m', 'patch', '-w', '/leonardo/home/userexternal/ntilinin/COSIMA/access-om2/tools/tmpnx8jag0k.nc']

Generated files:
-rw------- 1 ntilinin interactive 14M Sep 10 09:51 SPEEDY_MOM1_conserve.nc
-rw------- 1 ntilinin interactive 39M Sep 10 09:51 SPEEDY_MOM1_patch.nc

Conservative grid dimensions:
		:grid_file_dst = "/leonardo/home/userexternal/ntilinin/COSIMA/access-om2/tools/tmp765tkitc.nc" ;
		:CVS_revision = "8.1.0" ;
		:history = "Thu Sep 10 09:51:34 2026: ncrename -d n_a,src_grid_size -d n_b,dst_grid_size -d n_s,num_links -d nv_a,src_grid_corners -d nv_b,dst_grid_corners -v yc_a,src_grid_center_lat -v yc_b,dst_grid_center_lat -v xc_a,src_grid_center_lon -v xc_b,dst_grid_center_lon -v yv_a,src_grid_corner_lat -v xv_a,src_grid_corner_lon -v yv_b,dst_grid_corner_lat -v xv_b,dst_grid_corner_lon -v mask_a,src_grid_imask -v mask_b,dst_grid_imask -v area_a,src_grid_area -v area_b,dst_grid_area -v frac_a,src_grid_frac -v frac_b,dst_grid_frac -v col,src_address -v row,dst_address /leonardo/home/userexternal/ntilinin/COSIMA/access-om2/tools/tmpobavx0fp.nc /leonardo/home/userexternal/ntilinin/COSIMA/access-om2/tools/tmp4or3ek79.nc" ;
		:NCO = "netCDF Operators version 5.1.9 (Homepage = http://nco.sf.net, Code = http://github.com/nco/nco, Citation = 10.1016/j.envsoft.2008.03.004)" ;
data:

 src_grid_dims = 96, 48 ;

 dst_grid_dims = 360, 300 ;
}

Patch grid dimensions:
		:grid_file_dst = "/leonardo/home/userexternal/ntilinin/COSIMA/access-om2/tools/tmpde6a_ihk.nc" ;
		:CVS_revision = "8.1.0" ;
		:history = "Thu Sep 10 09:51:38 2026: ncrename -d n_a,src_grid_size -d n_b,dst_grid_size -d n_s,num_links -d nv_a,src_grid_corners -d nv_b,dst_grid_corners -v yc_a,src_grid_center_lat -v yc_b,dst_grid_center_lat -v xc_a,src_grid_center_lon -v xc_b,dst_grid_center_lon -v yv_a,src_grid_corner_lat -v xv_a,src_grid_corner_lon -v yv_b,dst_grid_corner_lat -v xv_b,dst_grid_corner_lon -v mask_a,src_grid_imask -v mask_b,dst_grid_imask -v area_a,src_grid_area -v area_b,dst_grid_area -v frac_a,src_grid_frac -v frac_b,dst_grid_frac -v col,src_address -v row,dst_address /leonardo/home/userexternal/ntilinin/COSIMA/access-om2/tools/tmpnx8jag0k.nc /leonardo/home/userexternal/ntilinin/COSIMA/access-om2/tools/tmpjqxs96vf.nc" ;
		:NCO = "netCDF Operators version 5.1.9 (Homepage = http://nco.sf.net, Code = http://github.com/nco/nco, Citation = 10.1016/j.envsoft.2008.03.004)" ;
data:

 src_grid_dims = 96, 48 ;

 dst_grid_dims = 360, 300 ;
}

DONE
